// Jest Snapshot v1, https://goo.gl/fbAQLP

exports[`Label Selector should renders correctly 1`] = `
initialize {
  "0": Object {
    "attribs": Object {
      "class": "ant-row ant-form-item ljit-label ljit-label-selector",
    },
    "children": Array [
      Object {
        "attribs": Object {
          "class": "ant-col ant-form-item-label",
        },
        "children": Array [
          Object {
            "attribs": Object {
              "class": "",
              "title": "mock-label",
            },
            "children": Array [
              Object {
                "data": "mock-label",
                "next": null,
                "parent": [Circular],
                "prev": null,
                "type": "text",
              },
            ],
            "name": "label",
            "namespace": "http://www.w3.org/1999/xhtml",
            "next": null,
            "parent": [Circular],
            "prev": null,
            "type": "tag",
            "x-attribsNamespace": Object {
              "class": undefined,
              "title": undefined,
            },
            "x-attribsPrefix": Object {
              "class": undefined,
              "title": undefined,
            },
          },
        ],
        "name": "div",
        "namespace": "http://www.w3.org/1999/xhtml",
        "next": Object {
          "attribs": Object {
            "class": "ant-col ant-form-item-control-wrapper",
          },
          "children": Array [
            Object {
              "attribs": Object {
                "class": "ant-form-item-control",
              },
              "children": Array [
                Object {
                  "attribs": Object {
                    "class": "ant-form-item-children",
                  },
                  "children": Array [
                    Object {
                      "attribs": Object {
                        "class": "ljit-clickable-tag ljit-label-selector__item ljit-label-selector__item--active ljit-label-selector__item--active-border",
                      },
                      "children": Array [
                        Object {
                          "attribs": Object {
                            "class": "ant-tag ljit-tag ljit-tag-color--black ljit-tag-shape--rectangle",
                            "style": "background-color:;color:",
                          },
                          "children": Array [
                            Object {
                              "attribs": Object {
                                "class": "ljit-tag__text",
                              },
                              "children": Array [
                                Object {
                                  "data": "mock-name",
                                  "next": null,
                                  "parent": [Circular],
                                  "prev": null,
                                  "type": "text",
                                },
                              ],
                              "name": "span",
                              "namespace": "http://www.w3.org/1999/xhtml",
                              "next": null,
                              "parent": [Circular],
                              "prev": null,
                              "type": "tag",
                              "x-attribsNamespace": Object {
                                "class": undefined,
                              },
                              "x-attribsPrefix": Object {
                                "class": undefined,
                              },
                            },
                          ],
                          "name": "div",
                          "namespace": "http://www.w3.org/1999/xhtml",
                          "next": null,
                          "parent": [Circular],
                          "prev": null,
                          "type": "tag",
                          "x-attribsNamespace": Object {
                            "class": undefined,
                            "style": undefined,
                          },
                          "x-attribsPrefix": Object {
                            "class": undefined,
                            "style": undefined,
                          },
                        },
                      ],
                      "name": "div",
                      "namespace": "http://www.w3.org/1999/xhtml",
                      "next": null,
                      "parent": [Circular],
                      "prev": null,
                      "type": "tag",
                      "x-attribsNamespace": Object {
                        "class": undefined,
                      },
                      "x-attribsPrefix": Object {
                        "class": undefined,
                      },
                    },
                  ],
                  "name": "span",
                  "namespace": "http://www.w3.org/1999/xhtml",
                  "next": null,
                  "parent": [Circular],
                  "prev": null,
                  "type": "tag",
                  "x-attribsNamespace": Object {
                    "class": undefined,
                  },
                  "x-attribsPrefix": Object {
                    "class": undefined,
                  },
                },
              ],
              "name": "div",
              "namespace": "http://www.w3.org/1999/xhtml",
              "next": null,
              "parent": [Circular],
              "prev": null,
              "type": "tag",
              "x-attribsNamespace": Object {
                "class": undefined,
              },
              "x-attribsPrefix": Object {
                "class": undefined,
              },
            },
          ],
          "name": "div",
          "namespace": "http://www.w3.org/1999/xhtml",
          "next": null,
          "parent": [Circular],
          "prev": [Circular],
          "type": "tag",
          "x-attribsNamespace": Object {
            "class": undefined,
          },
          "x-attribsPrefix": Object {
            "class": undefined,
          },
        },
        "parent": [Circular],
        "prev": null,
        "type": "tag",
        "x-attribsNamespace": Object {
          "class": undefined,
        },
        "x-attribsPrefix": Object {
          "class": undefined,
        },
      },
      Object {
        "attribs": Object {
          "class": "ant-col ant-form-item-control-wrapper",
        },
        "children": Array [
          Object {
            "attribs": Object {
              "class": "ant-form-item-control",
            },
            "children": Array [
              Object {
                "attribs": Object {
                  "class": "ant-form-item-children",
                },
                "children": Array [
                  Object {
                    "attribs": Object {
                      "class": "ljit-clickable-tag ljit-label-selector__item ljit-label-selector__item--active ljit-label-selector__item--active-border",
                    },
                    "children": Array [
                      Object {
                        "attribs": Object {
                          "class": "ant-tag ljit-tag ljit-tag-color--black ljit-tag-shape--rectangle",
                          "style": "background-color:;color:",
                        },
                        "children": Array [
                          Object {
                            "attribs": Object {
                              "class": "ljit-tag__text",
                            },
                            "children": Array [
                              Object {
                                "data": "mock-name",
                                "next": null,
                                "parent": [Circular],
                                "prev": null,
                                "type": "text",
                              },
                            ],
                            "name": "span",
                            "namespace": "http://www.w3.org/1999/xhtml",
                            "next": null,
                            "parent": [Circular],
                            "prev": null,
                            "type": "tag",
                            "x-attribsNamespace": Object {
                              "class": undefined,
                            },
                            "x-attribsPrefix": Object {
                              "class": undefined,
                            },
                          },
                        ],
                        "name": "div",
                        "namespace": "http://www.w3.org/1999/xhtml",
                        "next": null,
                        "parent": [Circular],
                        "prev": null,
                        "type": "tag",
                        "x-attribsNamespace": Object {
                          "class": undefined,
                          "style": undefined,
                        },
                        "x-attribsPrefix": Object {
                          "class": undefined,
                          "style": undefined,
                        },
                      },
                    ],
                    "name": "div",
                    "namespace": "http://www.w3.org/1999/xhtml",
                    "next": null,
                    "parent": [Circular],
                    "prev": null,
                    "type": "tag",
                    "x-attribsNamespace": Object {
                      "class": undefined,
                    },
                    "x-attribsPrefix": Object {
                      "class": undefined,
                    },
                  },
                ],
                "name": "span",
                "namespace": "http://www.w3.org/1999/xhtml",
                "next": null,
                "parent": [Circular],
                "prev": null,
                "type": "tag",
                "x-attribsNamespace": Object {
                  "class": undefined,
                },
                "x-attribsPrefix": Object {
                  "class": undefined,
                },
              },
            ],
            "name": "div",
            "namespace": "http://www.w3.org/1999/xhtml",
            "next": null,
            "parent": [Circular],
            "prev": null,
            "type": "tag",
            "x-attribsNamespace": Object {
              "class": undefined,
            },
            "x-attribsPrefix": Object {
              "class": undefined,
            },
          },
        ],
        "name": "div",
        "namespace": "http://www.w3.org/1999/xhtml",
        "next": null,
        "parent": [Circular],
        "prev": Object {
          "attribs": Object {
            "class": "ant-col ant-form-item-label",
          },
          "children": Array [
            Object {
              "attribs": Object {
                "class": "",
                "title": "mock-label",
              },
              "children": Array [
                Object {
                  "data": "mock-label",
                  "next": null,
                  "parent": [Circular],
                  "prev": null,
                  "type": "text",
                },
              ],
              "name": "label",
              "namespace": "http://www.w3.org/1999/xhtml",
              "next": null,
              "parent": [Circular],
              "prev": null,
              "type": "tag",
              "x-attribsNamespace": Object {
                "class": undefined,
                "title": undefined,
              },
              "x-attribsPrefix": Object {
                "class": undefined,
                "title": undefined,
              },
            },
          ],
          "name": "div",
          "namespace": "http://www.w3.org/1999/xhtml",
          "next": [Circular],
          "parent": [Circular],
          "prev": null,
          "type": "tag",
          "x-attribsNamespace": Object {
            "class": undefined,
          },
          "x-attribsPrefix": Object {
            "class": undefined,
          },
        },
        "type": "tag",
        "x-attribsNamespace": Object {
          "class": undefined,
        },
        "x-attribsPrefix": Object {
          "class": undefined,
        },
      },
    ],
    "name": "div",
    "namespace": "http://www.w3.org/1999/xhtml",
    "next": null,
    "parent": null,
    "prev": null,
    "root": Object {
      "attribs": Object {},
      "children": Array [
        [Circular],
      ],
      "name": "root",
      "namespace": "http://www.w3.org/1999/xhtml",
      "next": null,
      "parent": null,
      "prev": null,
      "type": "root",
      "x-attribsNamespace": Object {},
      "x-attribsPrefix": Object {},
    },
    "type": "tag",
    "x-attribsNamespace": Object {
      "class": undefined,
    },
    "x-attribsPrefix": Object {
      "class": undefined,
    },
  },
  "_root": [Circular],
  "length": 1,
  "options": Object {
    "decodeEntities": true,
    "normalizeWhitespace": false,
    "withDomLvl1": true,
    "xml": false,
  },
}
`;
