// Jest Snapshot v1, https://goo.gl/fbAQLP

exports[`Radio Group should renders correctly 1`] = `
ShallowWrapper {
  Symbol(enzyme.__root__): [Circular],
  Symbol(enzyme.__unrendered__): <RadioGroup
    buttonStyle="solid"
    disabled={false}
    onChange={[Function]}
    options={
      Array [
        Object {
          "label": "option 1",
          "value": "option 1",
        },
      ]
    }
    radioType="radio"
    value="option 1"
  />,
  Symbol(enzyme.__renderer__): Object {
    "batchedUpdates": [Function],
    "getNode": [Function],
    "render": [Function],
    "simulateError": [Function],
    "simulateEvent": [Function],
    "unmount": [Function],
  },
  Symbol(enzyme.__node__): Object {
    "instance": null,
    "key": undefined,
    "nodeType": "class",
    "props": Object {
      "buttonStyle": "solid",
      "children": Array [
        <Radio
          className="ljit-radio-group__option ljit-radio-group__option--radio"
          defaultChecked={false}
          disabled={false}
          onBlur={[Function]}
          onChange={[Function]}
          onFocus={[Function]}
          radioType="radio"
          value="option 1"
        >
          option 1
        </Radio>,
      ],
      "className": "ljit-radio-group",
      "defaultValue": undefined,
      "disabled": false,
      "name": undefined,
      "onChange": [Function],
      "value": "option 1",
    },
    "ref": null,
    "rendered": Array [
      Object {
        "instance": null,
        "key": "option 1-option 1",
        "nodeType": "class",
        "props": Object {
          "autoFocus": undefined,
          "checked": undefined,
          "children": "option 1",
          "className": "ljit-radio-group__option ljit-radio-group__option--radio",
          "defaultChecked": false,
          "disabled": false,
          "onBlur": [Function],
          "onChange": [Function],
          "onFocus": [Function],
          "radioType": "radio",
          "value": "option 1",
        },
        "ref": null,
        "rendered": "option 1",
        "type": [Function],
      },
    ],
    "type": [MockFunction],
  },
  Symbol(enzyme.__nodes__): Array [
    Object {
      "instance": null,
      "key": undefined,
      "nodeType": "class",
      "props": Object {
        "buttonStyle": "solid",
        "children": Array [
          <Radio
            className="ljit-radio-group__option ljit-radio-group__option--radio"
            defaultChecked={false}
            disabled={false}
            onBlur={[Function]}
            onChange={[Function]}
            onFocus={[Function]}
            radioType="radio"
            value="option 1"
          >
            option 1
          </Radio>,
        ],
        "className": "ljit-radio-group",
        "defaultValue": undefined,
        "disabled": false,
        "name": undefined,
        "onChange": [Function],
        "value": "option 1",
      },
      "ref": null,
      "rendered": Array [
        Object {
          "instance": null,
          "key": "option 1-option 1",
          "nodeType": "class",
          "props": Object {
            "autoFocus": undefined,
            "checked": undefined,
            "children": "option 1",
            "className": "ljit-radio-group__option ljit-radio-group__option--radio",
            "defaultChecked": false,
            "disabled": false,
            "onBlur": [Function],
            "onChange": [Function],
            "onFocus": [Function],
            "radioType": "radio",
            "value": "option 1",
          },
          "ref": null,
          "rendered": "option 1",
          "type": [Function],
        },
      ],
      "type": [MockFunction],
    },
  ],
  Symbol(enzyme.__options__): Object {
    "adapter": ReactSixteenAdapter {
      "options": Object {
        "enableComponentDidUpdateOnSetState": true,
        "lifecycles": Object {
          "componentDidUpdate": Object {
            "onSetState": true,
          },
          "getDerivedStateFromProps": true,
          "getSnapshotBeforeUpdate": true,
          "setState": Object {
            "skipsComponentDidUpdateOnNullish": true,
          },
        },
      },
    },
  },
}
`;
